// Jest Snapshot v1, https://goo.gl/fbAQLP

exports[`Components/Glossary Default smoke-test 1`] = `
Object {
  "checked": undefined,
  "children": Array [
    Object {
      "checked": undefined,
      "children": Array [
        Object {
          "checked": undefined,
          "children": undefined,
          "name": "Select component type",
          "pressed": undefined,
          "role": "menuitem",
          "value": undefined,
        },
        Object {
          "checked": undefined,
          "children": undefined,
          "name": "Accordion",
          "pressed": undefined,
          "role": "menuitem",
          "selected": true,
          "value": undefined,
        },
        Object {
          "checked": undefined,
          "children": undefined,
          "name": "Alert",
          "pressed": undefined,
          "role": "menuitem",
          "value": undefined,
        },
        Object {
          "checked": undefined,
          "children": undefined,
          "name": "Autocomplete",
          "pressed": undefined,
          "role": "menuitem",
          "value": undefined,
        },
        Object {
          "checked": undefined,
          "children": undefined,
          "name": "Avatar",
          "pressed": undefined,
          "role": "menuitem",
          "value": undefined,
        },
        Object {
          "checked": undefined,
          "children": undefined,
          "name": "Badge",
          "pressed": undefined,
          "role": "menuitem",
          "value": undefined,
        },
        Object {
          "checked": undefined,
          "children": undefined,
          "name": "Banner",
          "pressed": undefined,
          "role": "menuitem",
          "value": undefined,
        },
        Object {
          "checked": undefined,
          "children": undefined,
          "name": "Breadcrumb",
          "pressed": undefined,
          "role": "menuitem",
          "value": undefined,
        },
        Object {
          "checked": undefined,
          "children": undefined,
          "name": "Button",
          "pressed": undefined,
          "role": "menuitem",
          "value": undefined,
        },
        Object {
          "checked": undefined,
          "children": undefined,
          "name": "Calendar",
          "pressed": undefined,
          "role": "menuitem",
          "value": undefined,
        },
        Object {
          "checked": undefined,
          "children": undefined,
          "name": "Card",
          "pressed": undefined,
          "role": "menuitem",
          "value": undefined,
        },
        Object {
          "checked": undefined,
          "children": undefined,
          "name": "Carousel",
          "pressed": undefined,
          "role": "menuitem",
          "value": undefined,
        },
        Object {
          "checked": undefined,
          "children": undefined,
          "name": "Chart",
          "pressed": undefined,
          "role": "menuitem",
          "value": undefined,
        },
        Object {
          "checked": undefined,
          "children": undefined,
          "name": "Chat",
          "pressed": undefined,
          "role": "menuitem",
          "value": undefined,
        },
        Object {
          "checked": undefined,
          "children": undefined,
          "name": "Checkbox",
          "pressed": undefined,
          "role": "menuitem",
          "value": undefined,
        },
        Object {
          "checked": undefined,
          "children": undefined,
          "name": "Chip",
          "pressed": undefined,
          "role": "menuitem",
          "value": undefined,
        },
        Object {
          "checked": undefined,
          "children": undefined,
          "name": "Code",
          "pressed": undefined,
          "role": "menuitem",
          "value": undefined,
        },
        Object {
          "checked": undefined,
          "children": undefined,
          "name": "Collapse",
          "pressed": undefined,
          "role": "menuitem",
          "value": undefined,
        },
        Object {
          "checked": undefined,
          "children": undefined,
          "name": "Color picker",
          "pressed": undefined,
          "role": "menuitem",
          "value": undefined,
        },
        Object {
          "checked": undefined,
          "children": undefined,
          "name": "Combobox",
          "pressed": undefined,
          "role": "menuitem",
          "value": undefined,
        },
        Object {
          "checked": undefined,
          "children": undefined,
          "name": "Context menu",
          "pressed": undefined,
          "role": "menuitem",
          "value": undefined,
        },
        Object {
          "checked": undefined,
          "children": undefined,
          "name": "Data grid",
          "pressed": undefined,
          "role": "menuitem",
          "value": undefined,
        },
        Object {
          "checked": undefined,
          "children": undefined,
          "name": "Date picker",
          "pressed": undefined,
          "role": "menuitem",
          "value": undefined,
        },
        Object {
          "checked": undefined,
          "children": undefined,
          "name": "Details",
          "pressed": undefined,
          "role": "menuitem",
          "value": undefined,
        },
        Object {
          "checked": undefined,
          "children": undefined,
          "name": "Dialog",
          "pressed": undefined,
          "role": "menuitem",
          "value": undefined,
        },
        Object {
          "checked": undefined,
          "children": undefined,
          "name": "Disclosure",
          "pressed": undefined,
          "role": "menuitem",
          "value": undefined,
        },
        Object {
          "checked": undefined,
          "children": undefined,
          "name": "Divider",
          "pressed": undefined,
          "role": "menuitem",
          "value": undefined,
        },
        Object {
          "checked": undefined,
          "children": undefined,
          "name": "Drawer",
          "pressed": undefined,
          "role": "menuitem",
          "value": undefined,
        },
        Object {
          "checked": undefined,
          "children": undefined,
          "name": "Expandable",
          "pressed": undefined,
          "role": "menuitem",
          "value": undefined,
        },
        Object {
          "checked": undefined,
          "children": undefined,
          "name": "File picker",
          "pressed": undefined,
          "role": "menuitem",
          "value": undefined,
        },
        Object {
          "checked": undefined,
          "children": undefined,
          "name": "Flex",
          "pressed": undefined,
          "role": "menuitem",
          "value": undefined,
        },
        Object {
          "checked": undefined,
          "children": undefined,
          "name": "Footer",
          "pressed": undefined,
          "role": "menuitem",
          "value": undefined,
        },
        Object {
          "checked": undefined,
          "children": undefined,
          "name": "Forms",
          "pressed": undefined,
          "role": "menuitem",
          "value": undefined,
        },
        Object {
          "checked": undefined,
          "children": undefined,
          "name": "Grid",
          "pressed": undefined,
          "role": "menuitem",
          "value": undefined,
        },
        Object {
          "checked": undefined,
          "children": undefined,
          "name": "Header",
          "pressed": undefined,
          "role": "menuitem",
          "value": undefined,
        },
        Object {
          "checked": undefined,
          "children": undefined,
          "name": "Heading",
          "pressed": undefined,
          "role": "menuitem",
          "value": undefined,
        },
        Object {
          "checked": undefined,
          "children": undefined,
          "name": "Hero",
          "pressed": undefined,
          "role": "menuitem",
          "value": undefined,
        },
        Object {
          "checked": undefined,
          "children": undefined,
          "name": "Icon",
          "pressed": undefined,
          "role": "menuitem",
          "value": undefined,
        },
        Object {
          "checked": undefined,
          "children": undefined,
          "name": "Image",
          "pressed": undefined,
          "role": "menuitem",
          "value": undefined,
        },
        Object {
          "checked": undefined,
          "children": undefined,
          "name": "Input",
          "pressed": undefined,
          "role": "menuitem",
          "value": undefined,
        },
        Object {
          "checked": undefined,
          "children": undefined,
          "name": "Label",
          "pressed": undefined,
          "role": "menuitem",
          "value": undefined,
        },
        Object {
          "checked": undefined,
          "children": undefined,
          "name": "Layout",
          "pressed": undefined,
          "role": "menuitem",
          "value": undefined,
        },
        Object {
          "checked": undefined,
          "children": undefined,
          "name": "Link",
          "pressed": undefined,
          "role": "menuitem",
          "value": undefined,
        },
        Object {
          "checked": undefined,
          "children": undefined,
          "name": "List",
          "pressed": undefined,
          "role": "menuitem",
          "value": undefined,
        },
        Object {
          "checked": undefined,
          "children": undefined,
          "name": "Listbox",
          "pressed": undefined,
          "role": "menuitem",
          "value": undefined,
        },
        Object {
          "checked": undefined,
          "children": undefined,
          "name": "Loading",
          "pressed": undefined,
          "role": "menuitem",
          "value": undefined,
        },
        Object {
          "checked": undefined,
          "children": undefined,
          "name": "Menu",
          "pressed": undefined,
          "role": "menuitem",
          "value": undefined,
        },
        Object {
          "checked": undefined,
          "children": undefined,
          "name": "Modal",
          "pressed": undefined,
          "role": "menuitem",
          "value": undefined,
        },
        Object {
          "checked": undefined,
          "children": undefined,
          "name": "Nav",
          "pressed": undefined,
          "role": "menuitem",
          "value": undefined,
        },
        Object {
          "checked": undefined,
          "children": undefined,
          "name": "Notification",
          "pressed": undefined,
          "role": "menuitem",
          "value": undefined,
        },
        Object {
          "checked": undefined,
          "children": undefined,
          "name": "Page",
          "pressed": undefined,
          "role": "menuitem",
          "value": undefined,
        },
        Object {
          "checked": undefined,
          "children": undefined,
          "name": "Pagination",
          "pressed": undefined,
          "role": "menuitem",
          "value": undefined,
        },
        Object {
          "checked": undefined,
          "children": undefined,
          "name": "Pill",
          "pressed": undefined,
          "role": "menuitem",
          "value": undefined,
        },
        Object {
          "checked": undefined,
          "children": undefined,
          "name": "Popover",
          "pressed": undefined,
          "role": "menuitem",
          "value": undefined,
        },
        Object {
          "checked": undefined,
          "children": undefined,
          "name": "Progress",
          "pressed": undefined,
          "role": "menuitem",
          "value": undefined,
        },
        Object {
          "checked": undefined,
          "children": undefined,
          "name": "Radio",
          "pressed": undefined,
          "role": "menuitem",
          "value": undefined,
        },
        Object {
          "checked": undefined,
          "children": undefined,
          "name": "Rating",
          "pressed": undefined,
          "role": "menuitem",
          "value": undefined,
        },
        Object {
          "checked": undefined,
          "children": undefined,
          "name": "Search",
          "pressed": undefined,
          "role": "menuitem",
          "value": undefined,
        },
        Object {
          "checked": undefined,
          "children": undefined,
          "name": "Select",
          "pressed": undefined,
          "role": "menuitem",
          "value": undefined,
        },
        Object {
          "checked": undefined,
          "children": undefined,
          "name": "Separator",
          "pressed": undefined,
          "role": "menuitem",
          "value": undefined,
        },
        Object {
          "checked": undefined,
          "children": undefined,
          "name": "Slider",
          "pressed": undefined,
          "role": "menuitem",
          "value": undefined,
        },
        Object {
          "checked": undefined,
          "children": undefined,
          "name": "Spinner",
          "pressed": undefined,
          "role": "menuitem",
          "value": undefined,
        },
        Object {
          "checked": undefined,
          "children": undefined,
          "name": "Stack",
          "pressed": undefined,
          "role": "menuitem",
          "value": undefined,
        },
        Object {
          "checked": undefined,
          "children": undefined,
          "name": "Switch",
          "pressed": undefined,
          "role": "menuitem",
          "value": undefined,
        },
        Object {
          "checked": undefined,
          "children": undefined,
          "name": "Table",
          "pressed": undefined,
          "role": "menuitem",
          "value": undefined,
        },
        Object {
          "checked": undefined,
          "children": undefined,
          "name": "Tabs",
          "pressed": undefined,
          "role": "menuitem",
          "value": undefined,
        },
        Object {
          "checked": undefined,
          "children": undefined,
          "name": "Tag",
          "pressed": undefined,
          "role": "menuitem",
          "value": undefined,
        },
        Object {
          "checked": undefined,
          "children": undefined,
          "name": "Text",
          "pressed": undefined,
          "role": "menuitem",
          "value": undefined,
        },
        Object {
          "checked": undefined,
          "children": undefined,
          "name": "Textarea",
          "pressed": undefined,
          "role": "menuitem",
          "value": undefined,
        },
        Object {
          "checked": undefined,
          "children": undefined,
          "name": "Text field",
          "pressed": undefined,
          "role": "menuitem",
          "value": undefined,
        },
        Object {
          "checked": undefined,
          "children": undefined,
          "name": "Title",
          "pressed": undefined,
          "role": "menuitem",
          "value": undefined,
        },
        Object {
          "checked": undefined,
          "children": undefined,
          "name": "Toast",
          "pressed": undefined,
          "role": "menuitem",
          "value": undefined,
        },
        Object {
          "checked": undefined,
          "children": undefined,
          "name": "Toggle",
          "pressed": undefined,
          "role": "menuitem",
          "value": undefined,
        },
        Object {
          "checked": undefined,
          "children": undefined,
          "name": "Tooltip",
          "pressed": undefined,
          "role": "menuitem",
          "value": undefined,
        },
        Object {
          "checked": undefined,
          "children": undefined,
          "name": "Typography",
          "pressed": undefined,
          "role": "menuitem",
          "value": undefined,
        },
      ],
      "haspopup": "menu",
      "name": "Component type",
      "pressed": undefined,
      "role": "combobox",
      "value": "Accordion",
    },
    Object {
      "checked": undefined,
      "children": undefined,
      "level": 2,
      "name": "Accordion",
      "pressed": undefined,
      "role": "heading",
      "value": undefined,
    },
    Object {
      "checked": undefined,
      "children": undefined,
      "name": "An accordion is a vertically stacked list of interactive items. Each item can be \\"collapsed\\" with only a summary visible or “expanded” to show the full content for that item.",
      "pressed": undefined,
      "role": "text",
      "value": undefined,
    },
    Object {
      "checked": undefined,
      "children": undefined,
      "name": "Browse examples",
      "pressed": undefined,
      "role": "link",
      "value": undefined,
    },
  ],
  "name": "components-glossary--default",
  "pressed": undefined,
  "role": "WebArea",
  "value": undefined,
}
`;
